17:46:17 **** Incremental Build of configuration Debug for project WS3 ****
make all 
Building file: ../src/main.c
Invoking: Cross ARM C Compiler
arm-none-eabi-gcc -mcpu=cortex-m4 -mthumb -mfloat-abi=soft -Og -fmessage-length=0 -fsigned-char -ffunction-sections -fdata-sections -ffreestanding -fno-move-loop-invariants -Wall -Wextra  -g3 -DDEBUG -DUSE_FULL_ASSERT -DTRACE -DOS_USE_TRACE_SEMIHOSTING_DEBUG -DSTM32F407xx -DUSE_HAL_DRIVER -DHSE_VALUE=8000000 -I"../include" -I"../system/include" -I"../system/include/cmsis" -I"../system/include/stm32f4-hal" -std=gnu11 -MMD -MP -MF"src/main.d" -MT"src/main.o" -c -o "src/main.o" "../src/main.c"
Finished building: ../src/main.c
 
Building target: WS3.elf
Invoking: Cross ARM C++ Linker
arm-none-eabi-g++ -mcpu=cortex-m4 -mthumb -mfloat-abi=soft -Og -fmessage-length=0 -fsigned-char -ffunction-sections -fdata-sections -ffreestanding -fno-move-loop-invariants -Wall -Wextra  -g3 -T mem.ld -T libs.ld -T sections.ld -nostartfiles -Xlinker --gc-sections -L"../ldscripts" -Wl,-Map,"WS3.map" --specs=nano.specs -o "WS3.elf"  ./system/src/stm32f4-hal/stm32f4xx_hal.o ./system/src/stm32f4-hal/stm32f4xx_hal_adc.o ./system/src/stm32f4-hal/stm32f4xx_hal_adc_ex.o ./system/src/stm32f4-hal/stm32f4xx_hal_cortex.o ./system/src/stm32f4-hal/stm32f4xx_hal_flash.o ./system/src/stm32f4-hal/stm32f4xx_hal_gpio.o ./system/src/stm32f4-hal/stm32f4xx_hal_iwdg.o ./system/src/stm32f4-hal/stm32f4xx_hal_pwr.o ./system/src/stm32f4-hal/stm32f4xx_hal_rcc.o  ./system/src/newlib/_cxx.o ./system/src/newlib/_exit.o ./system/src/newlib/_sbrk.o ./system/src/newlib/_startup.o ./system/src/newlib/_syscalls.o ./system/src/newlib/assert.o  ./system/src/diag/Trace.o ./system/src/diag/trace_impl.o  ./system/src/cortexm/_initialize_hardware.o ./system/src/cortexm/_reset_hardware.o ./system/src/cortexm/exception_handlers.o  ./system/src/cmsis/system_stm32f4xx.o ./system/src/cmsis/vectors_stm32f407xx.o  ./src/_initialize_hardware.o ./src/_write.o ./src/main.o ./src/stm32f4xx_hal_msp.o   
Finished building target: WS3.elf
 
Invoking: Cross ARM GNU Create Flash Image
arm-none-eabi-objcopy -O ihex "WS3.elf"  "WS3.hex"
Finished building: WS3.hex
 
Invoking: Cross ARM GNU Print Size
arm-none-eabi-size --format=berkeley "WS3.elf"
   text	   data	    bss	    dec	    hex	filename
  10223	    160	    628	  11011	   2b03	WS3.elf
Finished building: WS3.siz
 
17:46:23 **** Incremental Build of configuration Debug for project WS3 ****
make all 
Invoking: Cross ARM GNU Print Size
arm-none-eabi-size --format=berkeley "WS3.elf"
   text	   data	    bss	    dec	    hex	filename
  10223	    160	    628	  11011	   2b03	WS3.elf
Finished building: WS3.siz
 
18:12:52 **** Incremental Build of configuration Debug for project WS3 ****
make all 
Building file: ../src/main.c
Invoking: Cross ARM C Compiler
arm-none-eabi-gcc -mcpu=cortex-m4 -mthumb -mfloat-abi=soft -Og -fmessage-length=0 -fsigned-char -ffunction-sections -fdata-sections -ffreestanding -fno-move-loop-invariants -Wall -Wextra  -g3 -DDEBUG -DUSE_FULL_ASSERT -DTRACE -DOS_USE_TRACE_SEMIHOSTING_DEBUG -DSTM32F407xx -DUSE_HAL_DRIVER -DHSE_VALUE=8000000 -I"../include" -I"../system/include" -I"../system/include/cmsis" -I"../system/include/stm32f4-hal" -std=gnu11 -MMD -MP -MF"src/main.d" -MT"src/main.o" -c -o "src/main.o" "../src/main.c"
Finished building: ../src/main.c
 
Building target: WS3.elf
Invoking: Cross ARM C++ Linker
arm-none-eabi-g++ -mcpu=cortex-m4 -mthumb -mfloat-abi=soft -Og -fmessage-length=0 -fsigned-char -ffunction-sections -fdata-sections -ffreestanding -fno-move-loop-invariants -Wall -Wextra  -g3 -T mem.ld -T libs.ld -T sections.ld -nostartfiles -Xlinker --gc-sections -L"../ldscripts" -Wl,-Map,"WS3.map" --specs=nano.specs -o "WS3.elf"  ./system/src/stm32f4-hal/stm32f4xx_hal.o ./system/src/stm32f4-hal/stm32f4xx_hal_adc.o ./system/src/stm32f4-hal/stm32f4xx_hal_adc_ex.o ./system/src/stm32f4-hal/stm32f4xx_hal_cortex.o ./system/src/stm32f4-hal/stm32f4xx_hal_flash.o ./system/src/stm32f4-hal/stm32f4xx_hal_gpio.o ./system/src/stm32f4-hal/stm32f4xx_hal_iwdg.o ./system/src/stm32f4-hal/stm32f4xx_hal_pwr.o ./system/src/stm32f4-hal/stm32f4xx_hal_rcc.o  ./system/src/newlib/_cxx.o ./system/src/newlib/_exit.o ./system/src/newlib/_sbrk.o ./system/src/newlib/_startup.o ./system/src/newlib/_syscalls.o ./system/src/newlib/assert.o  ./system/src/diag/Trace.o ./system/src/diag/trace_impl.o  ./system/src/cortexm/_initialize_hardware.o ./system/src/cortexm/_reset_hardware.o ./system/src/cortexm/exception_handlers.o  ./system/src/cmsis/system_stm32f4xx.o ./system/src/cmsis/vectors_stm32f407xx.o  ./src/_initialize_hardware.o ./src/_write.o ./src/main.o ./src/stm32f4xx_hal_msp.o   
Finished building target: WS3.elf
 
Invoking: Cross ARM GNU Create Flash Image
arm-none-eabi-objcopy -O ihex "WS3.elf"  "WS3.hex"
Finished building: WS3.hex
 
Invoking: Cross ARM GNU Print Size
arm-none-eabi-size --format=berkeley "WS3.elf"
   text	   data	    bss	    dec	    hex	filename
  10335	    160	    624	  11119	   2b6f	WS3.elf
Finished building: WS3.siz
 
18:13:14 **** Incremental Build of configuration Debug for project WS3 ****
make all 
Invoking: Cross ARM GNU Print Size
arm-none-eabi-size --format=berkeley "WS3.elf"
   text	   data	    bss	    dec	    hex	filename
  10335	    160	    624	  11119	   2b6f	WS3.elf
Finished building: WS3.siz
 
18:14:38 **** Incremental Build of configuration Debug for project WS3 ****
make all 
Invoking: Cross ARM GNU Print Size
arm-none-eabi-size --format=berkeley "WS3.elf"
   text	   data	    bss	    dec	    hex	filename
  10335	    160	    624	  11119	   2b6f	WS3.elf
Finished building: WS3.siz
 
18:17:20 **** Incremental Build of configuration Debug for project WS3 ****
make all 
Building file: ../src/main.c
Invoking: Cross ARM C Compiler
arm-none-eabi-gcc -mcpu=cortex-m4 -mthumb -mfloat-abi=soft -Og -fmessage-length=0 -fsigned-char -ffunction-sections -fdata-sections -ffreestanding -fno-move-loop-invariants -Wall -Wextra  -g3 -DDEBUG -DUSE_FULL_ASSERT -DTRACE -DOS_USE_TRACE_SEMIHOSTING_DEBUG -DSTM32F407xx -DUSE_HAL_DRIVER -DHSE_VALUE=8000000 -I"../include" -I"../system/include" -I"../system/include/cmsis" -I"../system/include/stm32f4-hal" -std=gnu11 -MMD -MP -MF"src/main.d" -MT"src/main.o" -c -o "src/main.o" "../src/main.c"
Finished building: ../src/main.c
 
Building target: WS3.elf
Invoking: Cross ARM C++ Linker
arm-none-eabi-g++ -mcpu=cortex-m4 -mthumb -mfloat-abi=soft -Og -fmessage-length=0 -fsigned-char -ffunction-sections -fdata-sections -ffreestanding -fno-move-loop-invariants -Wall -Wextra  -g3 -T mem.ld -T libs.ld -T sections.ld -nostartfiles -Xlinker --gc-sections -L"../ldscripts" -Wl,-Map,"WS3.map" --specs=nano.specs -o "WS3.elf"  ./system/src/stm32f4-hal/stm32f4xx_hal.o ./system/src/stm32f4-hal/stm32f4xx_hal_adc.o ./system/src/stm32f4-hal/stm32f4xx_hal_adc_ex.o ./system/src/stm32f4-hal/stm32f4xx_hal_cortex.o ./system/src/stm32f4-hal/stm32f4xx_hal_flash.o ./system/src/stm32f4-hal/stm32f4xx_hal_gpio.o ./system/src/stm32f4-hal/stm32f4xx_hal_iwdg.o ./system/src/stm32f4-hal/stm32f4xx_hal_pwr.o ./system/src/stm32f4-hal/stm32f4xx_hal_rcc.o  ./system/src/newlib/_cxx.o ./system/src/newlib/_exit.o ./system/src/newlib/_sbrk.o ./system/src/newlib/_startup.o ./system/src/newlib/_syscalls.o ./system/src/newlib/assert.o  ./system/src/diag/Trace.o ./system/src/diag/trace_impl.o  ./system/src/cortexm/_initialize_hardware.o ./system/src/cortexm/_reset_hardware.o ./system/src/cortexm/exception_handlers.o  ./system/src/cmsis/system_stm32f4xx.o ./system/src/cmsis/vectors_stm32f407xx.o  ./src/_initialize_hardware.o ./src/_write.o ./src/main.o ./src/stm32f4xx_hal_msp.o   
Finished building target: WS3.elf
 
Invoking: Cross ARM GNU Create Flash Image
arm-none-eabi-objcopy -O ihex "WS3.elf"  "WS3.hex"
Finished building: WS3.hex
 
Invoking: Cross ARM GNU Print Size
arm-none-eabi-size --format=berkeley "WS3.elf"
   text	   data	    bss	    dec	    hex	filename
  10351	    160	    624	  11135	   2b7f	WS3.elf
Finished building: WS3.siz
 
18:17:26 **** Incremental Build of configuration Debug for project WS3 ****
make all 
Invoking: Cross ARM GNU Print Size
arm-none-eabi-size --format=berkeley "WS3.elf"
   text	   data	    bss	    dec	    hex	filename
  10351	    160	    624	  11135	   2b7f	WS3.elf
Finished building: WS3.siz
 
18:18:07 **** Incremental Build of configuration Debug for project WS3 ****
make all 
Building file: ../src/main.c
Invoking: Cross ARM C Compiler
arm-none-eabi-gcc -mcpu=cortex-m4 -mthumb -mfloat-abi=soft -Og -fmessage-length=0 -fsigned-char -ffunction-sections -fdata-sections -ffreestanding -fno-move-loop-invariants -Wall -Wextra  -g3 -DDEBUG -DUSE_FULL_ASSERT -DTRACE -DOS_USE_TRACE_SEMIHOSTING_DEBUG -DSTM32F407xx -DUSE_HAL_DRIVER -DHSE_VALUE=8000000 -I"../include" -I"../system/include" -I"../system/include/cmsis" -I"../system/include/stm32f4-hal" -std=gnu11 -MMD -MP -MF"src/main.d" -MT"src/main.o" -c -o "src/main.o" "../src/main.c"
Finished building: ../src/main.c
 
Building target: WS3.elf
Invoking: Cross ARM C++ Linker
arm-none-eabi-g++ -mcpu=cortex-m4 -mthumb -mfloat-abi=soft -Og -fmessage-length=0 -fsigned-char -ffunction-sections -fdata-sections -ffreestanding -fno-move-loop-invariants -Wall -Wextra  -g3 -T mem.ld -T libs.ld -T sections.ld -nostartfiles -Xlinker --gc-sections -L"../ldscripts" -Wl,-Map,"WS3.map" --specs=nano.specs -o "WS3.elf"  ./system/src/stm32f4-hal/stm32f4xx_hal.o ./system/src/stm32f4-hal/stm32f4xx_hal_adc.o ./system/src/stm32f4-hal/stm32f4xx_hal_adc_ex.o ./system/src/stm32f4-hal/stm32f4xx_hal_cortex.o ./system/src/stm32f4-hal/stm32f4xx_hal_flash.o ./system/src/stm32f4-hal/stm32f4xx_hal_gpio.o ./system/src/stm32f4-hal/stm32f4xx_hal_iwdg.o ./system/src/stm32f4-hal/stm32f4xx_hal_pwr.o ./system/src/stm32f4-hal/stm32f4xx_hal_rcc.o  ./system/src/newlib/_cxx.o ./system/src/newlib/_exit.o ./system/src/newlib/_sbrk.o ./system/src/newlib/_startup.o ./system/src/newlib/_syscalls.o ./system/src/newlib/assert.o  ./system/src/diag/Trace.o ./system/src/diag/trace_impl.o  ./system/src/cortexm/_initialize_hardware.o ./system/src/cortexm/_reset_hardware.o ./system/src/cortexm/exception_handlers.o  ./system/src/cmsis/system_stm32f4xx.o ./system/src/cmsis/vectors_stm32f407xx.o  ./src/_initialize_hardware.o ./src/_write.o ./src/main.o ./src/stm32f4xx_hal_msp.o   
Finished building target: WS3.elf
 
Invoking: Cross ARM GNU Create Flash Image
arm-none-eabi-objcopy -O ihex "WS3.elf"  "WS3.hex"
Finished building: WS3.hex
 
Invoking: Cross ARM GNU Print Size
arm-none-eabi-size --format=berkeley "WS3.elf"
   text	   data	    bss	    dec	    hex	filename
  10335	    160	    624	  11119	   2b6f	WS3.elf
Finished building: WS3.siz
 
18:18:13 **** Incremental Build of configuration Debug for project WS3 ****
make all 
Invoking: Cross ARM GNU Print Size
arm-none-eabi-size --format=berkeley "WS3.elf"
   text	   data	    bss	    dec	    hex	filename
  10335	    160	    624	  11119	   2b6f	WS3.elf
Finished building: WS3.siz
 
18:18:30 **** Incremental Build of configuration Debug for project WS3 ****
make all 
Invoking: Cross ARM GNU Print Size
arm-none-eabi-size --format=berkeley "WS3.elf"
   text	   data	    bss	    dec	    hex	filename
  10335	    160	    624	  11119	   2b6f	WS3.elf
Finished building: WS3.siz
 
18:21:44 **** Incremental Build of configuration Debug for project WS3 ****
make all 
Building file: ../src/main.c
Invoking: Cross ARM C Compiler
arm-none-eabi-gcc -mcpu=cortex-m4 -mthumb -mfloat-abi=soft -Og -fmessage-length=0 -fsigned-char -ffunction-sections -fdata-sections -ffreestanding -fno-move-loop-invariants -Wall -Wextra  -g3 -DDEBUG -DUSE_FULL_ASSERT -DTRACE -DOS_USE_TRACE_SEMIHOSTING_DEBUG -DSTM32F407xx -DUSE_HAL_DRIVER -DHSE_VALUE=8000000 -I"../include" -I"../system/include" -I"../system/include/cmsis" -I"../system/include/stm32f4-hal" -std=gnu11 -MMD -MP -MF"src/main.d" -MT"src/main.o" -c -o "src/main.o" "../src/main.c"
Finished building: ../src/main.c
 
Building target: WS3.elf
Invoking: Cross ARM C++ Linker
arm-none-eabi-g++ -mcpu=cortex-m4 -mthumb -mfloat-abi=soft -Og -fmessage-length=0 -fsigned-char -ffunction-sections -fdata-sections -ffreestanding -fno-move-loop-invariants -Wall -Wextra  -g3 -T mem.ld -T libs.ld -T sections.ld -nostartfiles -Xlinker --gc-sections -L"../ldscripts" -Wl,-Map,"WS3.map" --specs=nano.specs -o "WS3.elf"  ./system/src/stm32f4-hal/stm32f4xx_hal.o ./system/src/stm32f4-hal/stm32f4xx_hal_adc.o ./system/src/stm32f4-hal/stm32f4xx_hal_adc_ex.o ./system/src/stm32f4-hal/stm32f4xx_hal_cortex.o ./system/src/stm32f4-hal/stm32f4xx_hal_flash.o ./system/src/stm32f4-hal/stm32f4xx_hal_gpio.o ./system/src/stm32f4-hal/stm32f4xx_hal_iwdg.o ./system/src/stm32f4-hal/stm32f4xx_hal_pwr.o ./system/src/stm32f4-hal/stm32f4xx_hal_rcc.o  ./system/src/newlib/_cxx.o ./system/src/newlib/_exit.o ./system/src/newlib/_sbrk.o ./system/src/newlib/_startup.o ./system/src/newlib/_syscalls.o ./system/src/newlib/assert.o  ./system/src/diag/Trace.o ./system/src/diag/trace_impl.o  ./system/src/cortexm/_initialize_hardware.o ./system/src/cortexm/_reset_hardware.o ./system/src/cortexm/exception_handlers.o  ./system/src/cmsis/system_stm32f4xx.o ./system/src/cmsis/vectors_stm32f407xx.o  ./src/_initialize_hardware.o ./src/_write.o ./src/main.o ./src/stm32f4xx_hal_msp.o   
Finished building target: WS3.elf
 
Invoking: Cross ARM GNU Create Flash Image
arm-none-eabi-objcopy -O ihex "WS3.elf"  "WS3.hex"
Finished building: WS3.hex
 
Invoking: Cross ARM GNU Print Size
arm-none-eabi-size --format=berkeley "WS3.elf"
   text	   data	    bss	    dec	    hex	filename
  10335	    160	    624	  11119	   2b6f	WS3.elf
Finished building: WS3.siz
 
18:21:52 **** Incremental Build of configuration Debug for project WS3 ****
make all 
Invoking: Cross ARM GNU Print Size
arm-none-eabi-size --format=berkeley "WS3.elf"
   text	   data	    bss	    dec	    hex	filename
  10335	    160	    624	  11119	   2b6f	WS3.elf
Finished building: WS3.siz
 
18:23:10 **** Incremental Build of configuration Debug for project WS3 ****
make all 
Invoking: Cross ARM GNU Print Size
arm-none-eabi-size --format=berkeley "WS3.elf"
   text	   data	    bss	    dec	    hex	filename
  10335	    160	    624	  11119	   2b6f	WS3.elf
Finished building: WS3.siz
 
18:23:14 **** Incremental Build of configuration Debug for project WS3 ****
make all 
Invoking: Cross ARM GNU Print Size
arm-none-eabi-size --format=berkeley "WS3.elf"
   text	   data	    bss	    dec	    hex	filename
  10335	    160	    624	  11119	   2b6f	WS3.elf
Finished building: WS3.siz
 
18:31:46 **** Incremental Build of configuration Debug for project WS3 ****
make all 
Building file: ../src/main.c
Invoking: Cross ARM C Compiler
arm-none-eabi-gcc -mcpu=cortex-m4 -mthumb -mfloat-abi=soft -Og -fmessage-length=0 -fsigned-char -ffunction-sections -fdata-sections -ffreestanding -fno-move-loop-invariants -Wall -Wextra  -g3 -DDEBUG -DUSE_FULL_ASSERT -DTRACE -DOS_USE_TRACE_SEMIHOSTING_DEBUG -DSTM32F407xx -DUSE_HAL_DRIVER -DHSE_VALUE=8000000 -I"../include" -I"../system/include" -I"../system/include/cmsis" -I"../system/include/stm32f4-hal" -std=gnu11 -MMD -MP -MF"src/main.d" -MT"src/main.o" -c -o "src/main.o" "../src/main.c"
Finished building: ../src/main.c
 
Building target: WS3.elf
Invoking: Cross ARM C++ Linker
arm-none-eabi-g++ -mcpu=cortex-m4 -mthumb -mfloat-abi=soft -Og -fmessage-length=0 -fsigned-char -ffunction-sections -fdata-sections -ffreestanding -fno-move-loop-invariants -Wall -Wextra  -g3 -T mem.ld -T libs.ld -T sections.ld -nostartfiles -Xlinker --gc-sections -L"../ldscripts" -Wl,-Map,"WS3.map" --specs=nano.specs -o "WS3.elf"  ./system/src/stm32f4-hal/stm32f4xx_hal.o ./system/src/stm32f4-hal/stm32f4xx_hal_adc.o ./system/src/stm32f4-hal/stm32f4xx_hal_adc_ex.o ./system/src/stm32f4-hal/stm32f4xx_hal_cortex.o ./system/src/stm32f4-hal/stm32f4xx_hal_flash.o ./system/src/stm32f4-hal/stm32f4xx_hal_gpio.o ./system/src/stm32f4-hal/stm32f4xx_hal_iwdg.o ./system/src/stm32f4-hal/stm32f4xx_hal_pwr.o ./system/src/stm32f4-hal/stm32f4xx_hal_rcc.o  ./system/src/newlib/_cxx.o ./system/src/newlib/_exit.o ./system/src/newlib/_sbrk.o ./system/src/newlib/_startup.o ./system/src/newlib/_syscalls.o ./system/src/newlib/assert.o  ./system/src/diag/Trace.o ./system/src/diag/trace_impl.o  ./system/src/cortexm/_initialize_hardware.o ./system/src/cortexm/_reset_hardware.o ./system/src/cortexm/exception_handlers.o  ./system/src/cmsis/system_stm32f4xx.o ./system/src/cmsis/vectors_stm32f407xx.o  ./src/_initialize_hardware.o ./src/_write.o ./src/main.o ./src/stm32f4xx_hal_msp.o   
Finished building target: WS3.elf
 
Invoking: Cross ARM GNU Create Flash Image
arm-none-eabi-objcopy -O ihex "WS3.elf"  "WS3.hex"
Finished building: WS3.hex
 
Invoking: Cross ARM GNU Print Size
arm-none-eabi-size --format=berkeley "WS3.elf"
   text	   data	    bss	    dec	    hex	filename
  10319	    160	    624	  11103	   2b5f	WS3.elf
Finished building: WS3.siz
 
18:31:59 **** Incremental Build of configuration Debug for project WS3 ****
make all 
Invoking: Cross ARM GNU Print Size
arm-none-eabi-size --format=berkeley "WS3.elf"
   text	   data	    bss	    dec	    hex	filename
  10319	    160	    624	  11103	   2b5f	WS3.elf
Finished building: WS3.siz
 
18:33:23 **** Incremental Build of configuration Debug for project WS3 ****
make all 
Building file: ../src/main.c
Invoking: Cross ARM C Compiler
arm-none-eabi-gcc -mcpu=cortex-m4 -mthumb -mfloat-abi=soft -Og -fmessage-length=0 -fsigned-char -ffunction-sections -fdata-sections -ffreestanding -fno-move-loop-invariants -Wall -Wextra  -g3 -DDEBUG -DUSE_FULL_ASSERT -DTRACE -DOS_USE_TRACE_SEMIHOSTING_DEBUG -DSTM32F407xx -DUSE_HAL_DRIVER -DHSE_VALUE=8000000 -I"../include" -I"../system/include" -I"../system/include/cmsis" -I"../system/include/stm32f4-hal" -std=gnu11 -MMD -MP -MF"src/main.d" -MT"src/main.o" -c -o "src/main.o" "../src/main.c"
Finished building: ../src/main.c
 
Building target: WS3.elf
Invoking: Cross ARM C++ Linker
arm-none-eabi-g++ -mcpu=cortex-m4 -mthumb -mfloat-abi=soft -Og -fmessage-length=0 -fsigned-char -ffunction-sections -fdata-sections -ffreestanding -fno-move-loop-invariants -Wall -Wextra  -g3 -T mem.ld -T libs.ld -T sections.ld -nostartfiles -Xlinker --gc-sections -L"../ldscripts" -Wl,-Map,"WS3.map" --specs=nano.specs -o "WS3.elf"  ./system/src/stm32f4-hal/stm32f4xx_hal.o ./system/src/stm32f4-hal/stm32f4xx_hal_adc.o ./system/src/stm32f4-hal/stm32f4xx_hal_adc_ex.o ./system/src/stm32f4-hal/stm32f4xx_hal_cortex.o ./system/src/stm32f4-hal/stm32f4xx_hal_flash.o ./system/src/stm32f4-hal/stm32f4xx_hal_gpio.o ./system/src/stm32f4-hal/stm32f4xx_hal_iwdg.o ./system/src/stm32f4-hal/stm32f4xx_hal_pwr.o ./system/src/stm32f4-hal/stm32f4xx_hal_rcc.o  ./system/src/newlib/_cxx.o ./system/src/newlib/_exit.o ./system/src/newlib/_sbrk.o ./system/src/newlib/_startup.o ./system/src/newlib/_syscalls.o ./system/src/newlib/assert.o  ./system/src/diag/Trace.o ./system/src/diag/trace_impl.o  ./system/src/cortexm/_initialize_hardware.o ./system/src/cortexm/_reset_hardware.o ./system/src/cortexm/exception_handlers.o  ./system/src/cmsis/system_stm32f4xx.o ./system/src/cmsis/vectors_stm32f407xx.o  ./src/_initialize_hardware.o ./src/_write.o ./src/main.o ./src/stm32f4xx_hal_msp.o   
Finished building target: WS3.elf
 
Invoking: Cross ARM GNU Create Flash Image
arm-none-eabi-objcopy -O ihex "WS3.elf"  "WS3.hex"
Finished building: WS3.hex
 
Invoking: Cross ARM GNU Print Size
arm-none-eabi-size --format=berkeley "WS3.elf"
   text	   data	    bss	    dec	    hex	filename
  10335	    160	    624	  11119	   2b6f	WS3.elf
Finished building: WS3.siz
 
18:33:28 **** Incremental Build of configuration Debug for project WS3 ****
make all 
Invoking: Cross ARM GNU Print Size
arm-none-eabi-size --format=berkeley "WS3.elf"
   text	   data	    bss	    dec	    hex	filename
  10335	    160	    624	  11119	   2b6f	WS3.elf
Finished building: WS3.siz
 
18:36:39 **** Incremental Build of configuration Debug for project WS3 ****
make all 
Invoking: Cross ARM GNU Print Size
arm-none-eabi-size --format=berkeley "WS3.elf"
   text	   data	    bss	    dec	    hex	filename
  10335	    160	    624	  11119	   2b6f	WS3.elf
Finished building: WS3.siz
 
18:36:44 **** Incremental Build of configuration Debug for project WS3 ****
make all 
Invoking: Cross ARM GNU Print Size
arm-none-eabi-size --format=berkeley "WS3.elf"
   text	   data	    bss	    dec	    hex	filename
  10335	    160	    624	  11119	   2b6f	WS3.elf
Finished building: WS3.siz
 
18:37:13 **** Incremental Build of configuration Debug for project WS3 ****
make all 
Invoking: Cross ARM GNU Print Size
arm-none-eabi-size --format=berkeley "WS3.elf"
   text	   data	    bss	    dec	    hex	filename
  10335	    160	    624	  11119	   2b6f	WS3.elf
Finished building: WS3.siz
 
19:53:41 **** Clean-only build of configuration Debug for project WS1 ****
make clean 
rm -rf  ./system/src/stm32f4-hal/stm32f4xx_hal.o ./system/src/stm32f4-hal/stm32f4xx_hal_cortex.o ./system/src/stm32f4-hal/stm32f4xx_hal_flash.o ./system/src/stm32f4-hal/stm32f4xx_hal_gpio.o ./system/src/stm32f4-hal/stm32f4xx_hal_iwdg.o ./system/src/stm32f4-hal/stm32f4xx_hal_pwr.o ./system/src/stm32f4-hal/stm32f4xx_hal_rcc.o  ./system/src/newlib/_cxx.o ./system/src/newlib/_exit.o ./system/src/newlib/_sbrk.o ./system/src/newlib/_startup.o ./system/src/newlib/_syscalls.o ./system/src/newlib/assert.o  ./system/src/diag/Trace.o ./system/src/diag/trace_impl.o  ./system/src/cortexm/_initialize_hardware.o ./system/src/cortexm/_reset_hardware.o ./system/src/cortexm/exception_handlers.o  ./system/src/cmsis/system_stm32f4xx.o ./system/src/cmsis/vectors_stm32f407xx.o  ./src/_initialize_hardware.o ./src/_write.o ./src/main.o ./src/stm32f4xx_hal_msp.o  WS1.hex  WS1.siz  ./system/src/stm32f4-hal/stm32f4xx_hal.d ./system/src/stm32f4-hal/stm32f4xx_hal_cortex.d ./system/src/stm32f4-hal/stm32f4xx_hal_flash.d ./system/src/stm32f4-hal/stm32f4xx_hal_gpio.d ./system/src/stm32f4-hal/stm32f4xx_hal_iwdg.d ./system/src/stm32f4-hal/stm32f4xx_hal_pwr.d ./system/src/stm32f4-hal/stm32f4xx_hal_rcc.d  ./system/src/newlib/_exit.d ./system/src/newlib/_sbrk.d ./system/src/newlib/_startup.d ./system/src/newlib/_syscalls.d ./system/src/newlib/assert.d  ./system/src/diag/Trace.d ./system/src/diag/trace_impl.d  ./system/src/cortexm/_initialize_hardware.d ./system/src/cortexm/_reset_hardware.d ./system/src/cortexm/exception_handlers.d  ./system/src/cmsis/system_stm32f4xx.d ./system/src/cmsis/vectors_stm32f407xx.d  ./src/_initialize_hardware.d ./src/_write.d ./src/main.d ./src/stm32f4xx_hal_msp.d  ./system/src/newlib/_cxx.d  WS1.elf
 
19:53:41 **** Build of configuration Debug for project WS1 ****
make all 
Building file: ../system/src/stm32f4-hal/stm32f4xx_hal.c
Invoking: Cross ARM C Compiler
arm-none-eabi-gcc -mcpu=cortex-m4 -mthumb -mfloat-abi=soft -Og -fmessage-length=0 -fsigned-char -ffunction-sections -fdata-sections -ffreestanding -fno-move-loop-invariants -Wall -Wextra  -g3 -DDEBUG -DUSE_FULL_ASSERT -DTRACE -DOS_USE_TRACE_SEMIHOSTING_DEBUG -DSTM32F407xx -DUSE_HAL_DRIVER -DHSE_VALUE=8000000 -I"../include" -I"../system/include" -I"../system/include/cmsis" -I"../system/include/stm32f4-hal" -std=gnu11 -Wno-bad-function-cast -Wno-conversion -Wno-sign-conversion -Wno-unused-parameter -Wno-sign-compare -Wno-missing-prototypes -Wno-missing-declarations -MMD -MP -MF"system/src/stm32f4-hal/stm32f4xx_hal.d" -MT"system/src/stm32f4-hal/stm32f4xx_hal.o" -c -o "system/src/stm32f4-hal/stm32f4xx_hal.o" "../system/src/stm32f4-hal/stm32f4xx_hal.c"
Finished building: ../system/src/stm32f4-hal/stm32f4xx_hal.c
 
Building file: ../system/src/stm32f4-hal/stm32f4xx_hal_cortex.c
Invoking: Cross ARM C Compiler
arm-none-eabi-gcc -mcpu=cortex-m4 -mthumb -mfloat-abi=soft -Og -fmessage-length=0 -fsigned-char -ffunction-sections -fdata-sections -ffreestanding -fno-move-loop-invariants -Wall -Wextra  -g3 -DDEBUG -DUSE_FULL_ASSERT -DTRACE -DOS_USE_TRACE_SEMIHOSTING_DEBUG -DSTM32F407xx -DUSE_HAL_DRIVER -DHSE_VALUE=8000000 -I"../include" -I"../system/include" -I"../system/include/cmsis" -I"../system/include/stm32f4-hal" -std=gnu11 -Wno-bad-function-cast -Wno-conversion -Wno-sign-conversion -Wno-unused-parameter -Wno-sign-compare -Wno-missing-prototypes -Wno-missing-declarations -MMD -MP -MF"system/src/stm32f4-hal/stm32f4xx_hal_cortex.d" -MT"system/src/stm32f4-hal/stm32f4xx_hal_cortex.o" -c -o "system/src/stm32f4-hal/stm32f4xx_hal_cortex.o" "../system/src/stm32f4-hal/stm32f4xx_hal_cortex.c"
Finished building: ../system/src/stm32f4-hal/stm32f4xx_hal_cortex.c
 
Building file: ../system/src/stm32f4-hal/stm32f4xx_hal_flash.c
Invoking: Cross ARM C Compiler
arm-none-eabi-gcc -mcpu=cortex-m4 -mthumb -mfloat-abi=soft -Og -fmessage-length=0 -fsigned-char -ffunction-sections -fdata-sections -ffreestanding -fno-move-loop-invariants -Wall -Wextra  -g3 -DDEBUG -DUSE_FULL_ASSERT -DTRACE -DOS_USE_TRACE_SEMIHOSTING_DEBUG -DSTM32F407xx -DUSE_HAL_DRIVER -DHSE_VALUE=8000000 -I"../include" -I"../system/include" -I"../system/include/cmsis" -I"../system/include/stm32f4-hal" -std=gnu11 -Wno-bad-function-cast -Wno-conversion -Wno-sign-conversion -Wno-unused-parameter -Wno-sign-compare -Wno-missing-prototypes -Wno-missing-declarations -MMD -MP -MF"system/src/stm32f4-hal/stm32f4xx_hal_flash.d" -MT"system/src/stm32f4-hal/stm32f4xx_hal_flash.o" -c -o "system/src/stm32f4-hal/stm32f4xx_hal_flash.o" "../system/src/stm32f4-hal/stm32f4xx_hal_flash.c"
Finished building: ../system/src/stm32f4-hal/stm32f4xx_hal_flash.c
 
Building file: ../system/src/stm32f4-hal/stm32f4xx_hal_gpio.c
Invoking: Cross ARM C Compiler
arm-none-eabi-gcc -mcpu=cortex-m4 -mthumb -mfloat-abi=soft -Og -fmessage-length=0 -fsigned-char -ffunction-sections -fdata-sections -ffreestanding -fno-move-loop-invariants -Wall -Wextra  -g3 -DDEBUG -DUSE_FULL_ASSERT -DTRACE -DOS_USE_TRACE_SEMIHOSTING_DEBUG -DSTM32F407xx -DUSE_HAL_DRIVER -DHSE_VALUE=8000000 -I"../include" -I"../system/include" -I"../system/include/cmsis" -I"../system/include/stm32f4-hal" -std=gnu11 -Wno-bad-function-cast -Wno-conversion -Wno-sign-conversion -Wno-unused-parameter -Wno-sign-compare -Wno-missing-prototypes -Wno-missing-declarations -MMD -MP -MF"system/src/stm32f4-hal/stm32f4xx_hal_gpio.d" -MT"system/src/stm32f4-hal/stm32f4xx_hal_gpio.o" -c -o "system/src/stm32f4-hal/stm32f4xx_hal_gpio.o" "../system/src/stm32f4-hal/stm32f4xx_hal_gpio.c"
Finished building: ../system/src/stm32f4-hal/stm32f4xx_hal_gpio.c
 
Building file: ../system/src/stm32f4-hal/stm32f4xx_hal_iwdg.c
Invoking: Cross ARM C Compiler
arm-none-eabi-gcc -mcpu=cortex-m4 -mthumb -mfloat-abi=soft -Og -fmessage-length=0 -fsigned-char -ffunction-sections -fdata-sections -ffreestanding -fno-move-loop-invariants -Wall -Wextra  -g3 -DDEBUG -DUSE_FULL_ASSERT -DTRACE -DOS_USE_TRACE_SEMIHOSTING_DEBUG -DSTM32F407xx -DUSE_HAL_DRIVER -DHSE_VALUE=8000000 -I"../include" -I"../system/include" -I"../system/include/cmsis" -I"../system/include/stm32f4-hal" -std=gnu11 -Wno-bad-function-cast -Wno-conversion -Wno-sign-conversion -Wno-unused-parameter -Wno-sign-compare -Wno-missing-prototypes -Wno-missing-declarations -MMD -MP -MF"system/src/stm32f4-hal/stm32f4xx_hal_iwdg.d" -MT"system/src/stm32f4-hal/stm32f4xx_hal_iwdg.o" -c -o "system/src/stm32f4-hal/stm32f4xx_hal_iwdg.o" "../system/src/stm32f4-hal/stm32f4xx_hal_iwdg.c"
Finished building: ../system/src/stm32f4-hal/stm32f4xx_hal_iwdg.c
 
Building file: ../system/src/stm32f4-hal/stm32f4xx_hal_pwr.c
Invoking: Cross ARM C Compiler
arm-none-eabi-gcc -mcpu=cortex-m4 -mthumb -mfloat-abi=soft -Og -fmessage-length=0 -fsigned-char -ffunction-sections -fdata-sections -ffreestanding -fno-move-loop-invariants -Wall -Wextra  -g3 -DDEBUG -DUSE_FULL_ASSERT -DTRACE -DOS_USE_TRACE_SEMIHOSTING_DEBUG -DSTM32F407xx -DUSE_HAL_DRIVER -DHSE_VALUE=8000000 -I"../include" -I"../system/include" -I"../system/include/cmsis" -I"../system/include/stm32f4-hal" -std=gnu11 -Wno-bad-function-cast -Wno-conversion -Wno-sign-conversion -Wno-unused-parameter -Wno-sign-compare -Wno-missing-prototypes -Wno-missing-declarations -MMD -MP -MF"system/src/stm32f4-hal/stm32f4xx_hal_pwr.d" -MT"system/src/stm32f4-hal/stm32f4xx_hal_pwr.o" -c -o "system/src/stm32f4-hal/stm32f4xx_hal_pwr.o" "../system/src/stm32f4-hal/stm32f4xx_hal_pwr.c"
Finished building: ../system/src/stm32f4-hal/stm32f4xx_hal_pwr.c
 
Building file: ../system/src/stm32f4-hal/stm32f4xx_hal_rcc.c
Invoking: Cross ARM C Compiler
arm-none-eabi-gcc -mcpu=cortex-m4 -mthumb -mfloat-abi=soft -Og -fmessage-length=0 -fsigned-char -ffunction-sections -fdata-sections -ffreestanding -fno-move-loop-invariants -Wall -Wextra  -g3 -DDEBUG -DUSE_FULL_ASSERT -DTRACE -DOS_USE_TRACE_SEMIHOSTING_DEBUG -DSTM32F407xx -DUSE_HAL_DRIVER -DHSE_VALUE=8000000 -I"../include" -I"../system/include" -I"../system/include/cmsis" -I"../system/include/stm32f4-hal" -std=gnu11 -Wno-bad-function-cast -Wno-conversion -Wno-sign-conversion -Wno-unused-parameter -Wno-sign-compare -Wno-missing-prototypes -Wno-missing-declarations -MMD -MP -MF"system/src/stm32f4-hal/stm32f4xx_hal_rcc.d" -MT"system/src/stm32f4-hal/stm32f4xx_hal_rcc.o" -c -o "system/src/stm32f4-hal/stm32f4xx_hal_rcc.o" "../system/src/stm32f4-hal/stm32f4xx_hal_rcc.c"
Finished building: ../system/src/stm32f4-hal/stm32f4xx_hal_rcc.c
 
Building file: ../system/src/newlib/_cxx.cpp
Invoking: Cross ARM C++ Compiler
arm-none-eabi-g++ -mcpu=cortex-m4 -mthumb -mfloat-abi=soft -Og -fmessage-length=0 -fsigned-char -ffunction-sections -fdata-sections -ffreestanding -fno-move-loop-invariants -Wall -Wextra  -g3 -DDEBUG -DUSE_FULL_ASSERT -DTRACE -DOS_USE_TRACE_SEMIHOSTING_DEBUG -DSTM32F407xx -DUSE_HAL_DRIVER -DHSE_VALUE=8000000 -I"../include" -I"../system/include" -I"../system/include/cmsis" -I"../system/include/stm32f4-hal" -std=gnu++11 -fabi-version=0 -fno-exceptions -fno-rtti -fno-use-cxa-atexit -fno-threadsafe-statics -MMD -MP -MF"system/src/newlib/_cxx.d" -MT"system/src/newlib/_cxx.o" -c -o "system/src/newlib/_cxx.o" "../system/src/newlib/_cxx.cpp"
Finished building: ../system/src/newlib/_cxx.cpp
 
Building file: ../system/src/newlib/_exit.c
Invoking: Cross ARM C Compiler
arm-none-eabi-gcc -mcpu=cortex-m4 -mthumb -mfloat-abi=soft -Og -fmessage-length=0 -fsigned-char -ffunction-sections -fdata-sections -ffreestanding -fno-move-loop-invariants -Wall -Wextra  -g3 -DDEBUG -DUSE_FULL_ASSERT -DTRACE -DOS_USE_TRACE_SEMIHOSTING_DEBUG -DSTM32F407xx -DUSE_HAL_DRIVER -DHSE_VALUE=8000000 -I"../include" -I"../system/include" -I"../system/include/cmsis" -I"../system/include/stm32f4-hal" -std=gnu11 -MMD -MP -MF"system/src/newlib/_exit.d" -MT"system/src/newlib/_exit.o" -c -o "system/src/newlib/_exit.o" "../system/src/newlib/_exit.c"
Finished building: ../system/src/newlib/_exit.c
 
Building file: ../system/src/newlib/_sbrk.c
Invoking: Cross ARM C Compiler
arm-none-eabi-gcc -mcpu=cortex-m4 -mthumb -mfloat-abi=soft -Og -fmessage-length=0 -fsigned-char -ffunction-sections -fdata-sections -ffreestanding -fno-move-loop-invariants -Wall -Wextra  -g3 -DDEBUG -DUSE_FULL_ASSERT -DTRACE -DOS_USE_TRACE_SEMIHOSTING_DEBUG -DSTM32F407xx -DUSE_HAL_DRIVER -DHSE_VALUE=8000000 -I"../include" -I"../system/include" -I"../system/include/cmsis" -I"../system/include/stm32f4-hal" -std=gnu11 -MMD -MP -MF"system/src/newlib/_sbrk.d" -MT"system/src/newlib/_sbrk.o" -c -o "system/src/newlib/_sbrk.o" "../system/src/newlib/_sbrk.c"
Finished building: ../system/src/newlib/_sbrk.c
 
Building file: ../system/src/newlib/_startup.c
Invoking: Cross ARM C Compiler
arm-none-eabi-gcc -mcpu=cortex-m4 -mthumb -mfloat-abi=soft -Og -fmessage-length=0 -fsigned-char -ffunction-sections -fdata-sections -ffreestanding -fno-move-loop-invariants -Wall -Wextra  -g3 -DDEBUG -DUSE_FULL_ASSERT -DTRACE -DOS_USE_TRACE_SEMIHOSTING_DEBUG -DSTM32F407xx -DUSE_HAL_DRIVER -DHSE_VALUE=8000000 -DOS_INCLUDE_STARTUP_INIT_MULTIPLE_RAM_SECTIONS -I"../include" -I"../system/include" -I"../system/include/cmsis" -I"../system/include/stm32f4-hal" -std=gnu11 -MMD -MP -MF"system/src/newlib/_startup.d" -MT"system/src/newlib/_startup.d" -c -o "system/src/newlib/_startup.o" "../system/src/newlib/_startup.c"
Finished building: ../system/src/newlib/_startup.c
 
Building file: ../system/src/newlib/_syscalls.c
Invoking: Cross ARM C Compiler
arm-none-eabi-gcc -mcpu=cortex-m4 -mthumb -mfloat-abi=soft -Og -fmessage-length=0 -fsigned-char -ffunction-sections -fdata-sections -ffreestanding -fno-move-loop-invariants -Wall -Wextra  -g3 -DDEBUG -DUSE_FULL_ASSERT -DTRACE -DOS_USE_TRACE_SEMIHOSTING_DEBUG -DSTM32F407xx -DUSE_HAL_DRIVER -DHSE_VALUE=8000000 -I"../include" -I"../system/include" -I"../system/include/cmsis" -I"../system/include/stm32f4-hal" -std=gnu11 -MMD -MP -MF"system/src/newlib/_syscalls.d" -MT"system/src/newlib/_syscalls.o" -c -o "system/src/newlib/_syscalls.o" "../system/src/newlib/_syscalls.c"
Finished building: ../system/src/newlib/_syscalls.c
 
Building file: ../system/src/newlib/assert.c
Invoking: Cross ARM C Compiler
arm-none-eabi-gcc -mcpu=cortex-m4 -mthumb -mfloat-abi=soft -Og -fmessage-length=0 -fsigned-char -ffunction-sections -fdata-sections -ffreestanding -fno-move-loop-invariants -Wall -Wextra  -g3 -DDEBUG -DUSE_FULL_ASSERT -DTRACE -DOS_USE_TRACE_SEMIHOSTING_DEBUG -DSTM32F407xx -DUSE_HAL_DRIVER -DHSE_VALUE=8000000 -I"../include" -I"../system/include" -I"../system/include/cmsis" -I"../system/include/stm32f4-hal" -std=gnu11 -MMD -MP -MF"system/src/newlib/assert.d" -MT"system/src/newlib/assert.o" -c -o "system/src/newlib/assert.o" "../system/src/newlib/assert.c"
Finished building: ../system/src/newlib/assert.c
 
Building file: ../system/src/diag/Trace.c
Invoking: Cross ARM C Compiler
arm-none-eabi-gcc -mcpu=cortex-m4 -mthumb -mfloat-abi=soft -Og -fmessage-length=0 -fsigned-char -ffunction-sections -fdata-sections -ffreestanding -fno-move-loop-invariants -Wall -Wextra  -g3 -DDEBUG -DUSE_FULL_ASSERT -DTRACE -DOS_USE_TRACE_SEMIHOSTING_DEBUG -DSTM32F407xx -DUSE_HAL_DRIVER -DHSE_VALUE=8000000 -I"../include" -I"../system/include" -I"../system/include/cmsis" -I"../system/include/stm32f4-hal" -std=gnu11 -MMD -MP -MF"system/src/diag/Trace.d" -MT"system/src/diag/Trace.o" -c -o "system/src/diag/Trace.o" "../system/src/diag/Trace.c"
Finished building: ../system/src/diag/Trace.c
 
Building file: ../system/src/diag/trace_impl.c
Invoking: Cross ARM C Compiler
arm-none-eabi-gcc -mcpu=cortex-m4 -mthumb -mfloat-abi=soft -Og -fmessage-length=0 -fsigned-char -ffunction-sections -fdata-sections -ffreestanding -fno-move-loop-invariants -Wall -Wextra  -g3 -DDEBUG -DUSE_FULL_ASSERT -DTRACE -DOS_USE_TRACE_SEMIHOSTING_DEBUG -DSTM32F407xx -DUSE_HAL_DRIVER -DHSE_VALUE=8000000 -I"../include" -I"../system/include" -I"../system/include/cmsis" -I"../system/include/stm32f4-hal" -std=gnu11 -MMD -MP -MF"system/src/diag/trace_impl.d" -MT"system/src/diag/trace_impl.o" -c -o "system/src/diag/trace_impl.o" "../system/src/diag/trace_impl.c"
Finished building: ../system/src/diag/trace_impl.c
 
Building file: ../system/src/cortexm/_initialize_hardware.c
Invoking: Cross ARM C Compiler
arm-none-eabi-gcc -mcpu=cortex-m4 -mthumb -mfloat-abi=soft -Og -fmessage-length=0 -fsigned-char -ffunction-sections -fdata-sections -ffreestanding -fno-move-loop-invariants -Wall -Wextra  -g3 -DDEBUG -DUSE_FULL_ASSERT -DTRACE -DOS_USE_TRACE_SEMIHOSTING_DEBUG -DSTM32F407xx -DUSE_HAL_DRIVER -DHSE_VALUE=8000000 -I"../include" -I"../system/include" -I"../system/include/cmsis" -I"../system/include/stm32f4-hal" -std=gnu11 -MMD -MP -MF"system/src/cortexm/_initialize_hardware.d" -MT"system/src/cortexm/_initialize_hardware.o" -c -o "system/src/cortexm/_initialize_hardware.o" "../system/src/cortexm/_initialize_hardware.c"
Finished building: ../system/src/cortexm/_initialize_hardware.c
 
Building file: ../system/src/cortexm/_reset_hardware.c
Invoking: Cross ARM C Compiler
arm-none-eabi-gcc -mcpu=cortex-m4 -mthumb -mfloat-abi=soft -Og -fmessage-length=0 -fsigned-char -ffunction-sections -fdata-sections -ffreestanding -fno-move-loop-invariants -Wall -Wextra  -g3 -DDEBUG -DUSE_FULL_ASSERT -DTRACE -DOS_USE_TRACE_SEMIHOSTING_DEBUG -DSTM32F407xx -DUSE_HAL_DRIVER -DHSE_VALUE=8000000 -I"../include" -I"../system/include" -I"../system/include/cmsis" -I"../system/include/stm32f4-hal" -std=gnu11 -MMD -MP -MF"system/src/cortexm/_reset_hardware.d" -MT"system/src/cortexm/_reset_hardware.o" -c -o "system/src/cortexm/_reset_hardware.o" "../system/src/cortexm/_reset_hardware.c"
Finished building: ../system/src/cortexm/_reset_hardware.c
 
Building file: ../system/src/cortexm/exception_handlers.c
Invoking: Cross ARM C Compiler
arm-none-eabi-gcc -mcpu=cortex-m4 -mthumb -mfloat-abi=soft -Og -fmessage-length=0 -fsigned-char -ffunction-sections -fdata-sections -ffreestanding -fno-move-loop-invariants -Wall -Wextra  -g3 -DDEBUG -DUSE_FULL_ASSERT -DTRACE -DOS_USE_TRACE_SEMIHOSTING_DEBUG -DSTM32F407xx -DUSE_HAL_DRIVER -DHSE_VALUE=8000000 -I"../include" -I"../system/include" -I"../system/include/cmsis" -I"../system/include/stm32f4-hal" -std=gnu11 -MMD -MP -MF"system/src/cortexm/exception_handlers.d" -MT"system/src/cortexm/exception_handlers.o" -c -o "system/src/cortexm/exception_handlers.o" "../system/src/cortexm/exception_handlers.c"
Finished building: ../system/src/cortexm/exception_handlers.c
 
Building file: ../system/src/cmsis/system_stm32f4xx.c
Invoking: Cross ARM C Compiler
arm-none-eabi-gcc -mcpu=cortex-m4 -mthumb -mfloat-abi=soft -Og -fmessage-length=0 -fsigned-char -ffunction-sections -fdata-sections -ffreestanding -fno-move-loop-invariants -Wall -Wextra  -g3 -DDEBUG -DUSE_FULL_ASSERT -DTRACE -DOS_USE_TRACE_SEMIHOSTING_DEBUG -DSTM32F407xx -DUSE_HAL_DRIVER -DHSE_VALUE=8000000 -I"../include" -I"../system/include" -I"../system/include/cmsis" -I"../system/include/stm32f4-hal" -std=gnu11 -MMD -MP -MF"system/src/cmsis/system_stm32f4xx.d" -MT"system/src/cmsis/system_stm32f4xx.o" -c -o "system/src/cmsis/system_stm32f4xx.o" "../system/src/cmsis/system_stm32f4xx.c"
Finished building: ../system/src/cmsis/system_stm32f4xx.c
 
Building file: ../system/src/cmsis/vectors_stm32f407xx.c
Invoking: Cross ARM C Compiler
arm-none-eabi-gcc -mcpu=cortex-m4 -mthumb -mfloat-abi=soft -Og -fmessage-length=0 -fsigned-char -ffunction-sections -fdata-sections -ffreestanding -fno-move-loop-invariants -Wall -Wextra  -g3 -DDEBUG -DUSE_FULL_ASSERT -DTRACE -DOS_USE_TRACE_SEMIHOSTING_DEBUG -DSTM32F407xx -DUSE_HAL_DRIVER -DHSE_VALUE=8000000 -I"../include" -I"../system/include" -I"../system/include/cmsis" -I"../system/include/stm32f4-hal" -std=gnu11 -MMD -MP -MF"system/src/cmsis/vectors_stm32f407xx.d" -MT"system/src/cmsis/vectors_stm32f407xx.o" -c -o "system/src/cmsis/vectors_stm32f407xx.o" "../system/src/cmsis/vectors_stm32f407xx.c"
Finished building: ../system/src/cmsis/vectors_stm32f407xx.c
 
Building file: ../src/_initialize_hardware.c
Invoking: Cross ARM C Compiler
arm-none-eabi-gcc -mcpu=cortex-m4 -mthumb -mfloat-abi=soft -Og -fmessage-length=0 -fsigned-char -ffunction-sections -fdata-sections -ffreestanding -fno-move-loop-invariants -Wall -Wextra  -g3 -DDEBUG -DUSE_FULL_ASSERT -DTRACE -DOS_USE_TRACE_SEMIHOSTING_DEBUG -DSTM32F407xx -DUSE_HAL_DRIVER -DHSE_VALUE=8000000 -I"../include" -I"../system/include" -I"../system/include/cmsis" -I"../system/include/stm32f4-hal" -std=gnu11 -MMD -MP -MF"src/_initialize_hardware.d" -MT"src/_initialize_hardware.o" -c -o "src/_initialize_hardware.o" "../src/_initialize_hardware.c"
../src/_initialize_hardware.c: In function 'SystemClock_Config':
../src/_initialize_hardware.c:104:2: warning: #warning "Please check if the SystemClock_Config() settings match your board!" [-Wcpp]
 #warning "Please check if the SystemClock_Config() settings match your board!"
  ^
Finished building: ../src/_initialize_hardware.c
 
Building file: ../src/_write.c
Invoking: Cross ARM C Compiler
arm-none-eabi-gcc -mcpu=cortex-m4 -mthumb -mfloat-abi=soft -Og -fmessage-length=0 -fsigned-char -ffunction-sections -fdata-sections -ffreestanding -fno-move-loop-invariants -Wall -Wextra  -g3 -DDEBUG -DUSE_FULL_ASSERT -DTRACE -DOS_USE_TRACE_SEMIHOSTING_DEBUG -DSTM32F407xx -DUSE_HAL_DRIVER -DHSE_VALUE=8000000 -I"../include" -I"../system/include" -I"../system/include/cmsis" -I"../system/include/stm32f4-hal" -std=gnu11 -MMD -MP -MF"src/_write.d" -MT"src/_write.o" -c -o "src/_write.o" "../src/_write.c"
Finished building: ../src/_write.c
 
Building file: ../src/main.c
Invoking: Cross ARM C Compiler
arm-none-eabi-gcc -mcpu=cortex-m4 -mthumb -mfloat-abi=soft -Og -fmessage-length=0 -fsigned-char -ffunction-sections -fdata-sections -ffreestanding -fno-move-loop-invariants -Wall -Wextra  -g3 -DDEBUG -DUSE_FULL_ASSERT -DTRACE -DOS_USE_TRACE_SEMIHOSTING_DEBUG -DSTM32F407xx -DUSE_HAL_DRIVER -DHSE_VALUE=8000000 -I"../include" -I"../system/include" -I"../system/include/cmsis" -I"../system/include/stm32f4-hal" -std=gnu11 -MMD -MP -MF"src/main.d" -MT"src/main.o" -c -o "src/main.o" "../src/main.c"
../src/main.c: In function 'main':
../src/main.c:25:14: warning: unused parameter 'argc' [-Wunused-parameter]
 int main(int argc, char* argv[])
              ^
../src/main.c:25:26: warning: unused parameter 'argv' [-Wunused-parameter]
 int main(int argc, char* argv[])
                          ^
Finished building: ../src/main.c
 
Building file: ../src/stm32f4xx_hal_msp.c
Invoking: Cross ARM C Compiler
arm-none-eabi-gcc -mcpu=cortex-m4 -mthumb -mfloat-abi=soft -Og -fmessage-length=0 -fsigned-char -ffunction-sections -fdata-sections -ffreestanding -fno-move-loop-invariants -Wall -Wextra  -g3 -DDEBUG -DUSE_FULL_ASSERT -DTRACE -DOS_USE_TRACE_SEMIHOSTING_DEBUG -DSTM32F407xx -DUSE_HAL_DRIVER -DHSE_VALUE=8000000 -I"../include" -I"../system/include" -I"../system/include/cmsis" -I"../system/include/stm32f4-hal" -std=gnu11 -Wno-missing-prototypes -Wno-missing-declarations -MMD -MP -MF"src/stm32f4xx_hal_msp.d" -MT"src/stm32f4xx_hal_msp.d" -c -o "src/stm32f4xx_hal_msp.o" "../src/stm32f4xx_hal_msp.c"
Finished building: ../src/stm32f4xx_hal_msp.c
 
Building target: WS1.elf
Invoking: Cross ARM C++ Linker
arm-none-eabi-g++ -mcpu=cortex-m4 -mthumb -mfloat-abi=soft -Og -fmessage-length=0 -fsigned-char -ffunction-sections -fdata-sections -ffreestanding -fno-move-loop-invariants -Wall -Wextra  -g3 -T mem.ld -T libs.ld -T sections.ld -nostartfiles -Xlinker --gc-sections -L"../ldscripts" -Wl,-Map,"WS1.map" --specs=nano.specs -o "WS1.elf"  ./system/src/stm32f4-hal/stm32f4xx_hal.o ./system/src/stm32f4-hal/stm32f4xx_hal_cortex.o ./system/src/stm32f4-hal/stm32f4xx_hal_flash.o ./system/src/stm32f4-hal/stm32f4xx_hal_gpio.o ./system/src/stm32f4-hal/stm32f4xx_hal_iwdg.o ./system/src/stm32f4-hal/stm32f4xx_hal_pwr.o ./system/src/stm32f4-hal/stm32f4xx_hal_rcc.o  ./system/src/newlib/_cxx.o ./system/src/newlib/_exit.o ./system/src/newlib/_sbrk.o ./system/src/newlib/_startup.o ./system/src/newlib/_syscalls.o ./system/src/newlib/assert.o  ./system/src/diag/Trace.o ./system/src/diag/trace_impl.o  ./system/src/cortexm/_initialize_hardware.o ./system/src/cortexm/_reset_hardware.o ./system/src/cortexm/exception_handlers.o  ./system/src/cmsis/system_stm32f4xx.o ./system/src/cmsis/vectors_stm32f407xx.o  ./src/_initialize_hardware.o ./src/_write.o ./src/main.o ./src/stm32f4xx_hal_msp.o   
Finished building target: WS1.elf
 
Invoking: Cross ARM GNU Create Flash Image
arm-none-eabi-objcopy -O ihex "WS1.elf"  "WS1.hex"
Finished building: WS1.hex
 
Invoking: Cross ARM GNU Print Size
arm-none-eabi-size --format=berkeley "WS1.elf"
   text	   data	    bss	    dec	    hex	filename
   7807	    160	    416	   8383	   20bf	WS1.elf
Finished building: WS1.siz
 
19:54:28 **** Incremental Build of configuration Debug for project WS1 ****
make all 
Invoking: Cross ARM GNU Print Size
arm-none-eabi-size --format=berkeley "WS1.elf"
   text	   data	    bss	    dec	    hex	filename
   7807	    160	    416	   8383	   20bf	WS1.elf
Finished building: WS1.siz
 
19:56:29 **** Incremental Build of configuration Debug for project WS1 ****
make all 
Building file: ../src/main.c
Invoking: Cross ARM C Compiler
arm-none-eabi-gcc -mcpu=cortex-m4 -mthumb -mfloat-abi=soft -Og -fmessage-length=0 -fsigned-char -ffunction-sections -fdata-sections -ffreestanding -fno-move-loop-invariants -Wall -Wextra  -g3 -DDEBUG -DUSE_FULL_ASSERT -DTRACE -DOS_USE_TRACE_SEMIHOSTING_DEBUG -DSTM32F407xx -DUSE_HAL_DRIVER -DHSE_VALUE=8000000 -I"../include" -I"../system/include" -I"../system/include/cmsis" -I"../system/include/stm32f4-hal" -std=gnu11 -MMD -MP -MF"src/main.d" -MT"src/main.o" -c -o "src/main.o" "../src/main.c"
../src/main.c: In function 'main':
../src/main.c:20:14: warning: unused parameter 'argc' [-Wunused-parameter]
 int main(int argc, char* argv[])
              ^
../src/main.c:20:26: warning: unused parameter 'argv' [-Wunused-parameter]
 int main(int argc, char* argv[])
                          ^
Finished building: ../src/main.c
 
Building target: WS1.elf
Invoking: Cross ARM C++ Linker
arm-none-eabi-g++ -mcpu=cortex-m4 -mthumb -mfloat-abi=soft -Og -fmessage-length=0 -fsigned-char -ffunction-sections -fdata-sections -ffreestanding -fno-move-loop-invariants -Wall -Wextra  -g3 -T mem.ld -T libs.ld -T sections.ld -nostartfiles -Xlinker --gc-sections -L"../ldscripts" -Wl,-Map,"WS1.map" --specs=nano.specs -o "WS1.elf"  ./system/src/stm32f4-hal/stm32f4xx_hal.o ./system/src/stm32f4-hal/stm32f4xx_hal_cortex.o ./system/src/stm32f4-hal/stm32f4xx_hal_flash.o ./system/src/stm32f4-hal/stm32f4xx_hal_gpio.o ./system/src/stm32f4-hal/stm32f4xx_hal_iwdg.o ./system/src/stm32f4-hal/stm32f4xx_hal_pwr.o ./system/src/stm32f4-hal/stm32f4xx_hal_rcc.o  ./system/src/newlib/_cxx.o ./system/src/newlib/_exit.o ./system/src/newlib/_sbrk.o ./system/src/newlib/_startup.o ./system/src/newlib/_syscalls.o ./system/src/newlib/assert.o  ./system/src/diag/Trace.o ./system/src/diag/trace_impl.o  ./system/src/cortexm/_initialize_hardware.o ./system/src/cortexm/_reset_hardware.o ./system/src/cortexm/exception_handlers.o  ./system/src/cmsis/system_stm32f4xx.o ./system/src/cmsis/vectors_stm32f407xx.o  ./src/_initialize_hardware.o ./src/_write.o ./src/main.o ./src/stm32f4xx_hal_msp.o   
Finished building target: WS1.elf
 
Invoking: Cross ARM GNU Create Flash Image
arm-none-eabi-objcopy -O ihex "WS1.elf"  "WS1.hex"
Finished building: WS1.hex
 
Invoking: Cross ARM GNU Print Size
arm-none-eabi-size --format=berkeley "WS1.elf"
   text	   data	    bss	    dec	    hex	filename
   7807	    160	    416	   8383	   20bf	WS1.elf
Finished building: WS1.siz
 
19:56:57 **** Incremental Build of configuration Debug for project WS1 ****
make all 
Building file: ../src/main.c
Invoking: Cross ARM C Compiler
arm-none-eabi-gcc -mcpu=cortex-m4 -mthumb -mfloat-abi=soft -Og -fmessage-length=0 -fsigned-char -ffunction-sections -fdata-sections -ffreestanding -fno-move-loop-invariants -Wall -Wextra  -g3 -DDEBUG -DUSE_FULL_ASSERT -DTRACE -DOS_USE_TRACE_SEMIHOSTING_DEBUG -DSTM32F407xx -DUSE_HAL_DRIVER -DHSE_VALUE=8000000 -I"../include" -I"../system/include" -I"../system/include/cmsis" -I"../system/include/stm32f4-hal" -std=gnu11 -MMD -MP -MF"src/main.d" -MT"src/main.o" -c -o "src/main.o" "../src/main.c"
Finished building: ../src/main.c
 
Building target: WS1.elf
Invoking: Cross ARM C++ Linker
arm-none-eabi-g++ -mcpu=cortex-m4 -mthumb -mfloat-abi=soft -Og -fmessage-length=0 -fsigned-char -ffunction-sections -fdata-sections -ffreestanding -fno-move-loop-invariants -Wall -Wextra  -g3 -T mem.ld -T libs.ld -T sections.ld -nostartfiles -Xlinker --gc-sections -L"../ldscripts" -Wl,-Map,"WS1.map" --specs=nano.specs -o "WS1.elf"  ./system/src/stm32f4-hal/stm32f4xx_hal.o ./system/src/stm32f4-hal/stm32f4xx_hal_cortex.o ./system/src/stm32f4-hal/stm32f4xx_hal_flash.o ./system/src/stm32f4-hal/stm32f4xx_hal_gpio.o ./system/src/stm32f4-hal/stm32f4xx_hal_iwdg.o ./system/src/stm32f4-hal/stm32f4xx_hal_pwr.o ./system/src/stm32f4-hal/stm32f4xx_hal_rcc.o  ./system/src/newlib/_cxx.o ./system/src/newlib/_exit.o ./system/src/newlib/_sbrk.o ./system/src/newlib/_startup.o ./system/src/newlib/_syscalls.o ./system/src/newlib/assert.o  ./system/src/diag/Trace.o ./system/src/diag/trace_impl.o  ./system/src/cortexm/_initialize_hardware.o ./system/src/cortexm/_reset_hardware.o ./system/src/cortexm/exception_handlers.o  ./system/src/cmsis/system_stm32f4xx.o ./system/src/cmsis/vectors_stm32f407xx.o  ./src/_initialize_hardware.o ./src/_write.o ./src/main.o ./src/stm32f4xx_hal_msp.o   
Finished building target: WS1.elf
 
Invoking: Cross ARM GNU Create Flash Image
arm-none-eabi-objcopy -O ihex "WS1.elf"  "WS1.hex"
Finished building: WS1.hex
 
Invoking: Cross ARM GNU Print Size
arm-none-eabi-size --format=berkeley "WS1.elf"
   text	   data	    bss	    dec	    hex	filename
   7807	    160	    416	   8383	   20bf	WS1.elf
Finished building: WS1.siz
 
19:57:08 **** Incremental Build of configuration Debug for project WS1 ****
make all 
Invoking: Cross ARM GNU Print Size
arm-none-eabi-size --format=berkeley "WS1.elf"
   text	   data	    bss	    dec	    hex	filename
   7807	    160	    416	   8383	   20bf	WS1.elf
Finished building: WS1.siz
 
19:57:40 **** Incremental Build of configuration Debug for project WS1 ****
make all 
Building file: ../src/main.c
Invoking: Cross ARM C Compiler
arm-none-eabi-gcc -mcpu=cortex-m4 -mthumb -mfloat-abi=soft -Og -fmessage-length=0 -fsigned-char -ffunction-sections -fdata-sections -ffreestanding -fno-move-loop-invariants -Wall -Wextra  -g3 -DDEBUG -DUSE_FULL_ASSERT -DTRACE -DOS_USE_TRACE_SEMIHOSTING_DEBUG -DSTM32F407xx -DUSE_HAL_DRIVER -DHSE_VALUE=8000000 -I"../include" -I"../system/include" -I"../system/include/cmsis" -I"../system/include/stm32f4-hal" -std=gnu11 -MMD -MP -MF"src/main.d" -MT"src/main.o" -c -o "src/main.o" "../src/main.c"
Finished building: ../src/main.c
 
Building target: WS1.elf
Invoking: Cross ARM C++ Linker
arm-none-eabi-g++ -mcpu=cortex-m4 -mthumb -mfloat-abi=soft -Og -fmessage-length=0 -fsigned-char -ffunction-sections -fdata-sections -ffreestanding -fno-move-loop-invariants -Wall -Wextra  -g3 -T mem.ld -T libs.ld -T sections.ld -nostartfiles -Xlinker --gc-sections -L"../ldscripts" -Wl,-Map,"WS1.map" --specs=nano.specs -o "WS1.elf"  ./system/src/stm32f4-hal/stm32f4xx_hal.o ./system/src/stm32f4-hal/stm32f4xx_hal_cortex.o ./system/src/stm32f4-hal/stm32f4xx_hal_flash.o ./system/src/stm32f4-hal/stm32f4xx_hal_gpio.o ./system/src/stm32f4-hal/stm32f4xx_hal_iwdg.o ./system/src/stm32f4-hal/stm32f4xx_hal_pwr.o ./system/src/stm32f4-hal/stm32f4xx_hal_rcc.o  ./system/src/newlib/_cxx.o ./system/src/newlib/_exit.o ./system/src/newlib/_sbrk.o ./system/src/newlib/_startup.o ./system/src/newlib/_syscalls.o ./system/src/newlib/assert.o  ./system/src/diag/Trace.o ./system/src/diag/trace_impl.o  ./system/src/cortexm/_initialize_hardware.o ./system/src/cortexm/_reset_hardware.o ./system/src/cortexm/exception_handlers.o  ./system/src/cmsis/system_stm32f4xx.o ./system/src/cmsis/vectors_stm32f407xx.o  ./src/_initialize_hardware.o ./src/_write.o ./src/main.o ./src/stm32f4xx_hal_msp.o   
Finished building target: WS1.elf
 
Invoking: Cross ARM GNU Create Flash Image
arm-none-eabi-objcopy -O ihex "WS1.elf"  "WS1.hex"
Finished building: WS1.hex
 
Invoking: Cross ARM GNU Print Size
arm-none-eabi-size --format=berkeley "WS1.elf"
   text	   data	    bss	    dec	    hex	filename
   7807	    160	    416	   8383	   20bf	WS1.elf
Finished building: WS1.siz
 
19:57:42 **** Incremental Build of configuration Debug for project WS1 ****
make all 
Invoking: Cross ARM GNU Print Size
arm-none-eabi-size --format=berkeley "WS1.elf"
   text	   data	    bss	    dec	    hex	filename
   7807	    160	    416	   8383	   20bf	WS1.elf
Finished building: WS1.siz
 
19:58:23 **** Incremental Build of configuration Debug for project WS1 ****
make all 
Building file: ../src/main.c
Invoking: Cross ARM C Compiler
arm-none-eabi-gcc -mcpu=cortex-m4 -mthumb -mfloat-abi=soft -Og -fmessage-length=0 -fsigned-char -ffunction-sections -fdata-sections -ffreestanding -fno-move-loop-invariants -Wall -Wextra  -g3 -DDEBUG -DUSE_FULL_ASSERT -DTRACE -DOS_USE_TRACE_SEMIHOSTING_DEBUG -DSTM32F407xx -DUSE_HAL_DRIVER -DHSE_VALUE=8000000 -I"../include" -I"../system/include" -I"../system/include/cmsis" -I"../system/include/stm32f4-hal" -std=gnu11 -MMD -MP -MF"src/main.d" -MT"src/main.o" -c -o "src/main.o" "../src/main.c"
Finished building: ../src/main.c
 
Building target: WS1.elf
Invoking: Cross ARM C++ Linker
arm-none-eabi-g++ -mcpu=cortex-m4 -mthumb -mfloat-abi=soft -Og -fmessage-length=0 -fsigned-char -ffunction-sections -fdata-sections -ffreestanding -fno-move-loop-invariants -Wall -Wextra  -g3 -T mem.ld -T libs.ld -T sections.ld -nostartfiles -Xlinker --gc-sections -L"../ldscripts" -Wl,-Map,"WS1.map" --specs=nano.specs -o "WS1.elf"  ./system/src/stm32f4-hal/stm32f4xx_hal.o ./system/src/stm32f4-hal/stm32f4xx_hal_cortex.o ./system/src/stm32f4-hal/stm32f4xx_hal_flash.o ./system/src/stm32f4-hal/stm32f4xx_hal_gpio.o ./system/src/stm32f4-hal/stm32f4xx_hal_iwdg.o ./system/src/stm32f4-hal/stm32f4xx_hal_pwr.o ./system/src/stm32f4-hal/stm32f4xx_hal_rcc.o  ./system/src/newlib/_cxx.o ./system/src/newlib/_exit.o ./system/src/newlib/_sbrk.o ./system/src/newlib/_startup.o ./system/src/newlib/_syscalls.o ./system/src/newlib/assert.o  ./system/src/diag/Trace.o ./system/src/diag/trace_impl.o  ./system/src/cortexm/_initialize_hardware.o ./system/src/cortexm/_reset_hardware.o ./system/src/cortexm/exception_handlers.o  ./system/src/cmsis/system_stm32f4xx.o ./system/src/cmsis/vectors_stm32f407xx.o  ./src/_initialize_hardware.o ./src/_write.o ./src/main.o ./src/stm32f4xx_hal_msp.o   
Finished building target: WS1.elf
 
Invoking: Cross ARM GNU Create Flash Image
arm-none-eabi-objcopy -O ihex "WS1.elf"  "WS1.hex"
Finished building: WS1.hex
 
Invoking: Cross ARM GNU Print Size
arm-none-eabi-size --format=berkeley "WS1.elf"
   text	   data	    bss	    dec	    hex	filename
   7807	    160	    416	   8383	   20bf	WS1.elf
Finished building: WS1.siz
 
19:58:29 **** Incremental Build of configuration Debug for project WS1 ****
make all 
Invoking: Cross ARM GNU Print Size
arm-none-eabi-size --format=berkeley "WS1.elf"
   text	   data	    bss	    dec	    hex	filename
   7807	    160	    416	   8383	   20bf	WS1.elf
Finished building: WS1.siz
 
20:01:08 **** Build of configuration Debug for project WS2 ****
make all 
Building file: ../src/main.c
Invoking: Cross ARM C Compiler
arm-none-eabi-gcc -mcpu=cortex-m4 -mthumb -mfloat-abi=soft -Og -fmessage-length=0 -fsigned-char -ffunction-sections -fdata-sections -ffreestanding -fno-move-loop-invariants -Wall -Wextra  -g3 -DDEBUG -DUSE_FULL_ASSERT -DTRACE -DOS_USE_TRACE_SEMIHOSTING_DEBUG -DSTM32F407xx -DUSE_HAL_DRIVER -DHSE_VALUE=8000000 -I"../include" -I"../system/include" -I"../system/include/cmsis" -I"../system/include/stm32f4-hal" -std=gnu11 -MMD -MP -MF"src/main.d" -MT"src/main.o" -c -o "src/main.o" "../src/main.c"
Finished building: ../src/main.c
 
Building target: WS2.elf
Invoking: Cross ARM C++ Linker
arm-none-eabi-g++ -mcpu=cortex-m4 -mthumb -mfloat-abi=soft -Og -fmessage-length=0 -fsigned-char -ffunction-sections -fdata-sections -ffreestanding -fno-move-loop-invariants -Wall -Wextra  -g3 -T mem.ld -T libs.ld -T sections.ld -nostartfiles -Xlinker --gc-sections -L"../ldscripts" -Wl,-Map,"WS2.map" --specs=nano.specs -o "WS2.elf"  ./system/src/stm32f4-hal/stm32f4xx_hal.o ./system/src/stm32f4-hal/stm32f4xx_hal_cortex.o ./system/src/stm32f4-hal/stm32f4xx_hal_flash.o ./system/src/stm32f4-hal/stm32f4xx_hal_gpio.o ./system/src/stm32f4-hal/stm32f4xx_hal_iwdg.o ./system/src/stm32f4-hal/stm32f4xx_hal_pwr.o ./system/src/stm32f4-hal/stm32f4xx_hal_rcc.o ./system/src/stm32f4-hal/stm32f4xx_hal_tim.o ./system/src/stm32f4-hal/stm32f4xx_hal_tim_ex.o  ./system/src/newlib/_cxx.o ./system/src/newlib/_exit.o ./system/src/newlib/_sbrk.o ./system/src/newlib/_startup.o ./system/src/newlib/_syscalls.o ./system/src/newlib/assert.o  ./system/src/diag/Trace.o ./system/src/diag/trace_impl.o  ./system/src/cortexm/_initialize_hardware.o ./system/src/cortexm/_reset_hardware.o ./system/src/cortexm/exception_handlers.o  ./system/src/cmsis/system_stm32f4xx.o ./system/src/cmsis/vectors_stm32f407xx.o  ./src/_initialize_hardware.o ./src/_write.o ./src/main.o ./src/stm32f4xx_hal_msp.o   
Finished building target: WS2.elf
 
Invoking: Cross ARM GNU Create Flash Image
arm-none-eabi-objcopy -O ihex "WS2.elf"  "WS2.hex"
Finished building: WS2.hex
 
Invoking: Cross ARM GNU Print Size
arm-none-eabi-size --format=berkeley "WS2.elf"
   text	   data	    bss	    dec	    hex	filename
   9903	    164	    560	  10627	   2983	WS2.elf
Finished building: WS2.siz
 
20:01:25 **** Incremental Build of configuration Debug for project WS2 ****
make all 
Invoking: Cross ARM GNU Print Size
arm-none-eabi-size --format=berkeley "WS2.elf"
   text	   data	    bss	    dec	    hex	filename
   9903	    164	    560	  10627	   2983	WS2.elf
Finished building: WS2.siz
 
20:04:32 **** Build of configuration Debug for project WS3 ****
make all 
Building file: ../src/main.c
Invoking: Cross ARM C Compiler
arm-none-eabi-gcc -mcpu=cortex-m4 -mthumb -mfloat-abi=soft -Og -fmessage-length=0 -fsigned-char -ffunction-sections -fdata-sections -ffreestanding -fno-move-loop-invariants -Wall -Wextra  -g3 -DDEBUG -DUSE_FULL_ASSERT -DTRACE -DOS_USE_TRACE_SEMIHOSTING_DEBUG -DSTM32F407xx -DUSE_HAL_DRIVER -DHSE_VALUE=8000000 -I"../include" -I"../system/include" -I"../system/include/cmsis" -I"../system/include/stm32f4-hal" -std=gnu11 -MMD -MP -MF"src/main.d" -MT"src/main.o" -c -o "src/main.o" "../src/main.c"
../src/main.c: In function 'main':
../src/main.c:20:14: warning: unused parameter 'argc' [-Wunused-parameter]
 int main(int argc, char* argv[])
              ^
../src/main.c:20:26: warning: unused parameter 'argv' [-Wunused-parameter]
 int main(int argc, char* argv[])
                          ^
Finished building: ../src/main.c
 
Building target: WS3.elf
Invoking: Cross ARM C++ Linker
arm-none-eabi-g++ -mcpu=cortex-m4 -mthumb -mfloat-abi=soft -Og -fmessage-length=0 -fsigned-char -ffunction-sections -fdata-sections -ffreestanding -fno-move-loop-invariants -Wall -Wextra  -g3 -T mem.ld -T libs.ld -T sections.ld -nostartfiles -Xlinker --gc-sections -L"../ldscripts" -Wl,-Map,"WS3.map" --specs=nano.specs -o "WS3.elf"  ./system/src/stm32f4-hal/stm32f4xx_hal.o ./system/src/stm32f4-hal/stm32f4xx_hal_adc.o ./system/src/stm32f4-hal/stm32f4xx_hal_adc_ex.o ./system/src/stm32f4-hal/stm32f4xx_hal_cortex.o ./system/src/stm32f4-hal/stm32f4xx_hal_flash.o ./system/src/stm32f4-hal/stm32f4xx_hal_gpio.o ./system/src/stm32f4-hal/stm32f4xx_hal_iwdg.o ./system/src/stm32f4-hal/stm32f4xx_hal_pwr.o ./system/src/stm32f4-hal/stm32f4xx_hal_rcc.o  ./system/src/newlib/_cxx.o ./system/src/newlib/_exit.o ./system/src/newlib/_sbrk.o ./system/src/newlib/_startup.o ./system/src/newlib/_syscalls.o ./system/src/newlib/assert.o  ./system/src/diag/Trace.o ./system/src/diag/trace_impl.o  ./system/src/cortexm/_initialize_hardware.o ./system/src/cortexm/_reset_hardware.o ./system/src/cortexm/exception_handlers.o  ./system/src/cmsis/system_stm32f4xx.o ./system/src/cmsis/vectors_stm32f407xx.o  ./src/_initialize_hardware.o ./src/_write.o ./src/main.o ./src/stm32f4xx_hal_msp.o   
Finished building target: WS3.elf
 
Invoking: Cross ARM GNU Create Flash Image
arm-none-eabi-objcopy -O ihex "WS3.elf"  "WS3.hex"
Finished building: WS3.hex
 
Invoking: Cross ARM GNU Print Size
arm-none-eabi-size --format=berkeley "WS3.elf"
   text	   data	    bss	    dec	    hex	filename
  10335	    160	    624	  11119	   2b6f	WS3.elf
Finished building: WS3.siz
 
20:04:35 **** Incremental Build of configuration Debug for project WS3 ****
make all 
Invoking: Cross ARM GNU Print Size
arm-none-eabi-size --format=berkeley "WS3.elf"
   text	   data	    bss	    dec	    hex	filename
  10335	    160	    624	  11119	   2b6f	WS3.elf
Finished building: WS3.siz
 
20:04:47 **** Incremental Build of configuration Debug for project WS3 ****
make all 
Invoking: Cross ARM GNU Print Size
arm-none-eabi-size --format=berkeley "WS3.elf"
   text	   data	    bss	    dec	    hex	filename
  10335	    160	    624	  11119	   2b6f	WS3.elf
Finished building: WS3.siz
 
20:06:42 **** Incremental Build of configuration Debug for project WS3 ****
make all 
Building file: ../src/main.c
Invoking: Cross ARM C Compiler
arm-none-eabi-gcc -mcpu=cortex-m4 -mthumb -mfloat-abi=soft -Og -fmessage-length=0 -fsigned-char -ffunction-sections -fdata-sections -ffreestanding -fno-move-loop-invariants -Wall -Wextra  -g3 -DDEBUG -DUSE_FULL_ASSERT -DTRACE -DOS_USE_TRACE_SEMIHOSTING_DEBUG -DSTM32F407xx -DUSE_HAL_DRIVER -DHSE_VALUE=8000000 -I"../include" -I"../system/include" -I"../system/include/cmsis" -I"../system/include/stm32f4-hal" -std=gnu11 -MMD -MP -MF"src/main.d" -MT"src/main.o" -c -o "src/main.o" "../src/main.c"
Finished building: ../src/main.c
 
Building target: WS3.elf
Invoking: Cross ARM C++ Linker
arm-none-eabi-g++ -mcpu=cortex-m4 -mthumb -mfloat-abi=soft -Og -fmessage-length=0 -fsigned-char -ffunction-sections -fdata-sections -ffreestanding -fno-move-loop-invariants -Wall -Wextra  -g3 -T mem.ld -T libs.ld -T sections.ld -nostartfiles -Xlinker --gc-sections -L"../ldscripts" -Wl,-Map,"WS3.map" --specs=nano.specs -o "WS3.elf"  ./system/src/stm32f4-hal/stm32f4xx_hal.o ./system/src/stm32f4-hal/stm32f4xx_hal_adc.o ./system/src/stm32f4-hal/stm32f4xx_hal_adc_ex.o ./system/src/stm32f4-hal/stm32f4xx_hal_cortex.o ./system/src/stm32f4-hal/stm32f4xx_hal_flash.o ./system/src/stm32f4-hal/stm32f4xx_hal_gpio.o ./system/src/stm32f4-hal/stm32f4xx_hal_iwdg.o ./system/src/stm32f4-hal/stm32f4xx_hal_pwr.o ./system/src/stm32f4-hal/stm32f4xx_hal_rcc.o  ./system/src/newlib/_cxx.o ./system/src/newlib/_exit.o ./system/src/newlib/_sbrk.o ./system/src/newlib/_startup.o ./system/src/newlib/_syscalls.o ./system/src/newlib/assert.o  ./system/src/diag/Trace.o ./system/src/diag/trace_impl.o  ./system/src/cortexm/_initialize_hardware.o ./system/src/cortexm/_reset_hardware.o ./system/src/cortexm/exception_handlers.o  ./system/src/cmsis/system_stm32f4xx.o ./system/src/cmsis/vectors_stm32f407xx.o  ./src/_initialize_hardware.o ./src/_write.o ./src/main.o ./src/stm32f4xx_hal_msp.o   
Finished building target: WS3.elf
 
Invoking: Cross ARM GNU Create Flash Image
arm-none-eabi-objcopy -O ihex "WS3.elf"  "WS3.hex"
Finished building: WS3.hex
 
Invoking: Cross ARM GNU Print Size
arm-none-eabi-size --format=berkeley "WS3.elf"
   text	   data	    bss	    dec	    hex	filename
  10335	    160	    624	  11119	   2b6f	WS3.elf
Finished building: WS3.siz
 
20:06:47 **** Incremental Build of configuration Debug for project WS3 ****
make all 
Invoking: Cross ARM GNU Print Size
arm-none-eabi-size --format=berkeley "WS3.elf"
   text	   data	    bss	    dec	    hex	filename
  10335	    160	    624	  11119	   2b6f	WS3.elf
Finished building: WS3.siz
 
20:08:12 **** Build of configuration Debug for project WS4 ****
make all 
Building file: ../src/main.c
Invoking: Cross ARM C Compiler
arm-none-eabi-gcc -mcpu=cortex-m4 -mthumb -mfloat-abi=soft -Og -fmessage-length=0 -fsigned-char -ffunction-sections -fdata-sections -ffreestanding -fno-move-loop-invariants -Wall -Wextra  -g3 -DDEBUG -DUSE_FULL_ASSERT -DTRACE -DOS_USE_TRACE_SEMIHOSTING_DEBUG -DSTM32F407xx -DUSE_HAL_DRIVER -DHSE_VALUE=8000000 -I"../include" -I"../system/include" -I"../system/include/cmsis" -I"../system/include/stm32f4-hal" -std=gnu11 -MMD -MP -MF"src/main.d" -MT"src/main.o" -c -o "src/main.o" "../src/main.c"
Finished building: ../src/main.c
 
Building target: WS4.elf
Invoking: Cross ARM C++ Linker
arm-none-eabi-g++ -mcpu=cortex-m4 -mthumb -mfloat-abi=soft -Og -fmessage-length=0 -fsigned-char -ffunction-sections -fdata-sections -ffreestanding -fno-move-loop-invariants -Wall -Wextra  -g3 -T mem.ld -T libs.ld -T sections.ld -nostartfiles -Xlinker --gc-sections -L"../ldscripts" -Wl,-Map,"WS4.map" --specs=nano.specs -o "WS4.elf"  ./system/src/stm32f4-hal/stm32f4xx_hal.o ./system/src/stm32f4-hal/stm32f4xx_hal_adc.o ./system/src/stm32f4-hal/stm32f4xx_hal_adc_ex.o ./system/src/stm32f4-hal/stm32f4xx_hal_cortex.o ./system/src/stm32f4-hal/stm32f4xx_hal_flash.o ./system/src/stm32f4-hal/stm32f4xx_hal_gpio.o ./system/src/stm32f4-hal/stm32f4xx_hal_iwdg.o ./system/src/stm32f4-hal/stm32f4xx_hal_pwr.o ./system/src/stm32f4-hal/stm32f4xx_hal_rcc.o ./system/src/stm32f4-hal/stm32f4xx_hal_tim.o ./system/src/stm32f4-hal/stm32f4xx_hal_tim_ex.o ./system/src/stm32f4-hal/stm32f4xx_hal_timebase_tim_template.o  ./system/src/newlib/_cxx.o ./system/src/newlib/_exit.o ./system/src/newlib/_sbrk.o ./system/src/newlib/_startup.o ./system/src/newlib/_syscalls.o ./system/src/newlib/assert.o  ./system/src/diag/Trace.o ./system/src/diag/trace_impl.o  ./system/src/cortexm/_initialize_hardware.o ./system/src/cortexm/_reset_hardware.o ./system/src/cortexm/exception_handlers.o  ./system/src/cmsis/system_stm32f4xx.o ./system/src/cmsis/vectors_stm32f407xx.o  ./src/_initialize_hardware.o ./src/_write.o ./src/main.o ./src/stm32f4xx_hal_msp.o   
Finished building target: WS4.elf
 
Invoking: Cross ARM GNU Create Flash Image
arm-none-eabi-objcopy -O ihex "WS4.elf"  "WS4.hex"
Finished building: WS4.hex
 
Invoking: Cross ARM GNU Print Size
arm-none-eabi-size --format=berkeley "WS4.elf"
   text	   data	    bss	    dec	    hex	filename
  15199	    164	    616	  15979	   3e6b	WS4.elf
Finished building: WS4.siz
 
20:08:22 **** Incremental Build of configuration Debug for project WS4 ****
make all 
Invoking: Cross ARM GNU Print Size
arm-none-eabi-size --format=berkeley "WS4.elf"
   text	   data	    bss	    dec	    hex	filename
  15199	    164	    616	  15979	   3e6b	WS4.elf
Finished building: WS4.siz
 
20:09:30 **** Incremental Build of configuration Debug for project WS4 ****
make all 
Building file: ../src/main.c
Invoking: Cross ARM C Compiler
arm-none-eabi-gcc -mcpu=cortex-m4 -mthumb -mfloat-abi=soft -Og -fmessage-length=0 -fsigned-char -ffunction-sections -fdata-sections -ffreestanding -fno-move-loop-invariants -Wall -Wextra  -g3 -DDEBUG -DUSE_FULL_ASSERT -DTRACE -DOS_USE_TRACE_SEMIHOSTING_DEBUG -DSTM32F407xx -DUSE_HAL_DRIVER -DHSE_VALUE=8000000 -I"../include" -I"../system/include" -I"../system/include/cmsis" -I"../system/include/stm32f4-hal" -std=gnu11 -MMD -MP -MF"src/main.d" -MT"src/main.o" -c -o "src/main.o" "../src/main.c"
Finished building: ../src/main.c
 
Building target: WS4.elf
Invoking: Cross ARM C++ Linker
arm-none-eabi-g++ -mcpu=cortex-m4 -mthumb -mfloat-abi=soft -Og -fmessage-length=0 -fsigned-char -ffunction-sections -fdata-sections -ffreestanding -fno-move-loop-invariants -Wall -Wextra  -g3 -T mem.ld -T libs.ld -T sections.ld -nostartfiles -Xlinker --gc-sections -L"../ldscripts" -Wl,-Map,"WS4.map" --specs=nano.specs -o "WS4.elf"  ./system/src/stm32f4-hal/stm32f4xx_hal.o ./system/src/stm32f4-hal/stm32f4xx_hal_adc.o ./system/src/stm32f4-hal/stm32f4xx_hal_adc_ex.o ./system/src/stm32f4-hal/stm32f4xx_hal_cortex.o ./system/src/stm32f4-hal/stm32f4xx_hal_flash.o ./system/src/stm32f4-hal/stm32f4xx_hal_gpio.o ./system/src/stm32f4-hal/stm32f4xx_hal_iwdg.o ./system/src/stm32f4-hal/stm32f4xx_hal_pwr.o ./system/src/stm32f4-hal/stm32f4xx_hal_rcc.o ./system/src/stm32f4-hal/stm32f4xx_hal_tim.o ./system/src/stm32f4-hal/stm32f4xx_hal_tim_ex.o ./system/src/stm32f4-hal/stm32f4xx_hal_timebase_tim_template.o  ./system/src/newlib/_cxx.o ./system/src/newlib/_exit.o ./system/src/newlib/_sbrk.o ./system/src/newlib/_startup.o ./system/src/newlib/_syscalls.o ./system/src/newlib/assert.o  ./system/src/diag/Trace.o ./system/src/diag/trace_impl.o  ./system/src/cortexm/_initialize_hardware.o ./system/src/cortexm/_reset_hardware.o ./system/src/cortexm/exception_handlers.o  ./system/src/cmsis/system_stm32f4xx.o ./system/src/cmsis/vectors_stm32f407xx.o  ./src/_initialize_hardware.o ./src/_write.o ./src/main.o ./src/stm32f4xx_hal_msp.o   
Finished building target: WS4.elf
 
Invoking: Cross ARM GNU Create Flash Image
arm-none-eabi-objcopy -O ihex "WS4.elf"  "WS4.hex"
Finished building: WS4.hex
 
Invoking: Cross ARM GNU Print Size
arm-none-eabi-size --format=berkeley "WS4.elf"
   text	   data	    bss	    dec	    hex	filename
  15199	    164	    616	  15979	   3e6b	WS4.elf
Finished building: WS4.siz
 
20:09:35 **** Incremental Build of configuration Debug for project WS4 ****
make all 
Invoking: Cross ARM GNU Print Size
arm-none-eabi-size --format=berkeley "WS4.elf"
   text	   data	    bss	    dec	    hex	filename
  15199	    164	    616	  15979	   3e6b	WS4.elf
Finished building: WS4.siz
 
